// Jest Snapshot v1, https://goo.gl/fbAQLP

exports[`<Example /> should render correctly 1`] = `
<styled.div
  onClick={[Function]}
>
  This is 
  left
</styled.div>
`;
